Файл «Маршруты», Строка 1: Номер маршрута номер должен задаваться диапазоном из чисел (1000…9999).
Файл «Маршруты», Строка 2: Номер маршрута должно быть четырёхзначное положительное число.
Файл «Маршруты», Строка 3: Аэропорт вылета не латинские буквы, превышает 2 символа.
Файл «Маршруты», Строка 4: Аэропорт вылета не латинские буквы.
Файл «Маршруты», Строка 5: Аэропорт вылета строчные (маленькие) буквы, должны быть заглавные латинские буквы.
Файл «Маршруты», Строка 6: Аэропорт вылета диапазон превышает 2 символа. 
Файл «Маршруты», Строка 7: Аэропорт назначения не латинские буквы, превышает 2 символа.
Файл «Маршруты», Строка 8: Аэропорт назначения не латинские буквы.
Файл «Маршруты», Строка 9: Аэропорт назначения строчные (маленькие) буквы, должны быть заглавные латинские буквы.
Файл «Маршруты», Строка 10: Аэропорт назначения диапазон превышает 2 символа. 
Файл «Маршруты», Строка 11: Продолжительность полета не допустимый диапазон, допустимо (часы) (00…23).
Файл «Маршруты», Строка 12: Продолжительность полета не допустимый диапазон, допустимо  (минуты) (00…59).
Файл «Маршруты», Строка 13: Продолжительность полета не допустимый символ, допустимо «:».
Файл «Рейс», Строка 1: Номер рейса недопустимый диапазон, допустимо (100…999).
Файл «Рейс», Строка 2: Номер рейса недопустимые символы, допустимо трёхзначное положительное число.
Файл «Рейс», Строка 3: Номер рейса недопустимый диапазон, допустимо (A…Z).
Файл «Рейс», Строка 4: Номер рейса диапазон превышает 2 символа. 
Файл «Рейс», Строка 5: Время вылета недопустимое значение времени (часы), допустимо (00…23).
Файл «Рейс», Строка 6: Время вылета недопустимое значение времени (минуты), допустимо (00…59).
Файл «Рейс», Строка 7: Время вылета недопустимый символ, допустимо «:».
Файл «Рейс», Строка 8: Цена билета недопустимый диапазон, допустимо (1000…9999).
Файл «Рейс», Строка 9: Цена билета недопустимые символы, допустимо четырёхзначное положительное число.
Файл «Пассажиры», Строка 1: Номер паспорта недопустимый диапазон, допустимо (111111…999999).
Файл «Пассажиры», Строка 2: Номер паспорта недопустимые символы, допустимо шестизначное положительное число.
Файл «Пассажиры», Строка 3: Ф.И.О пассажира буквы не должны быть строчными.
Файл «Пассажиры», Строка 4: Ф.И.О пассажира введен некорректный символ.
Файл «Пассажиры», Строка 5: Ф.И.О пассажира не латинские буквы, должны быть заглавные латинские буквы
Файл «Пассажиры», Строка 6: Дата вылета недопустимый диапазон, не должен быть меньше шести календарных дней с заданной даты.
Файл «Пассажиры», Строка 7: Дата вылета недопустимый символ, допустимо "."
Файл «Пассажиры», Строка 8: Дата вылета неправильная дата, допустимо "01.01.2022"
Файл «Пассажиры», Строка 9: Номер рейса диапазон превышает 2 символа.
Файл «Пассажиры», Строка 10: Номер рейса недопустимый символ, допустимо «:».
Файл «Пассажиры», Строка 11: Номер рейса недопустимый диапазон, ндопустимо (A…Z).
Файл «Пассажиры», Строка 12: Номер рейса строчные (маленькие) буквы, должны быть заглавные латинские буквы.
Файл «Прибыль от маршрутов», Строка 1: Номер маршрута недопустимый диапазон, допустимо (1000…9999).
Файл «Прибыль от маршрутов», Строка 2: Номер маршрута недопустимые символы, допустимо четырёхзначное положительное число.
Файл «Прибыль от маршрутов», Строка 3: Номер рейса строчные (маленькие) буквы, должны быть заглавные латинские буквы.
Файл «Прибыль от маршрутов», Строка 4: Номер рейса недопустимый символ, допустимо «:».
Файл «Прибыль от маршрутов», Строка 5: Номер рейса недопустимый диапазон, номер должен задаваться диапазоном из букв (A…Z).
Файл «Прибыль от маршрутов», Строка 6: Номер рейса диапазон превышает 2 символа. 
Файл «Прибыль от маршрутов», Строка 7: Число пассажиров рейса недопустимый диапазон, допустимо (1..300)
Файл «Прибыль от маршрутов», Строка 8: Число пассажиров рейса недопустимый символ, допустимо «:».
Файл «Прибыль от маршрутов», Строка 9: Дата отправления недопустимый диапазон, допустимо (???)
Файл «Прибыль от маршрутов», Строка 10: Дата отправления недопустимый символ, допустимо «:».
Файл «Прибыль от маршрутов», Строка 11: Дата отправления неправильная дата, допустимо "01.01.2022"
Файл «Прибыль от маршрутов», Строка 12: Аэропорт вылета недопустимый диапазон, допустимо (A…Z).
Файл «Прибыль от маршрутов», Строка 13: Аэропорт вылета недопустимый символ, допустимо «:». 
Файл «Прибыль от маршрутов», Строка 14: Аэропорт вылета строчные (маленькие) буквы, должны быть заглавные латинские буквы.
Файл «Прибыль от маршрутов», Строка 15: Аэропорт вылета диапазон превышает 2 символа. 
Файл «Прибыль от маршрутов», Строка 16: Аэропорт назначения недопустимый диапазон, допустимо (A…Z).
Файл «Прибыль от маршрутов», Строка 17: Аэропорт назначения недопустимый символ, допустимо «:». 
Файл «Прибыль от маршрутов», Строка 18: Аэропорт назначения строчные (маленькие) буквы, должны быть заглавные латинские буквы.
Файл «Прибыль от маршрутов», Строка 19: Аэропорт назначения диапазон превышает 2 символа. 
Файл «Прибыль от маршрутов», Строка 20: Номер маршрута недопустимый диапазон, допустимо (1000…9999).
Файл «Прибыль от маршрутов», Строка 21: Номер маршрута недопустимые символы, допустимо четырёхзначное положительное число.
Файл «Прибыль от маршрутов», Строка 22: Цена билета недопустимый диапазон, допустимо (1000…9999).
Файл «Прибыль от маршрутов», Строка 23: Цена билета недопустимые символы, допустимо четырёхзначное положительное число.
Файл «Прибыль от маршрутов», Строка 24: Прибыль от полета недопустимый диапазон, допустимо (1000…2999700). 
Файл «Прибыль от маршрутов», Строка 25: Прибыль от полета недопустимые символы, допустимо семизначное положительное число.
Файл «Прибыль от маршрутов», Строка 26: Итого по маршруту недопустимый диапазон, допустимо (1000…2999700).
Файл «Прибыль от маршрутов», Строка 27: Итого по маршруту недопустимые символы, допустимо семизначное положительное число.
Файл «Прибыль от маршрутов», Строка 28: Итого недопустимый диапазон, допустимо (1000…99999999).
Файл «Прибыль от маршрутов», Строка 29: Итого недопустимые символы, допустимо восьмизначное положительное число.
